Date: 2018-11-8
Author: Corey
Description: This is a sample log file

Okay, so this is a sample entry.
I'm going to write a few more lines here.
let's pretend this log file is thousands and thousands of lines... okay?
